{
    "login": "KRT-DEMO",
    "id": 95260371,
    "node_id": "U_kgDOBa2O0w",
    "avatar_url": "https://avatars.githubusercontent.com/u/95260371?v=4",
    "gravatar_id": "",
    "url": "https://api.github.com/users/KRT-DEMO",
    "html_url": "https://github.com/KRT-DEMO",
    "followers_url": "https://api.github.com/users/KRT-DEMO/followers",
    "following_url": "https://api.github.com/users/KRT-DEMO/following{/other_user}",
    "gists_url": "https://api.github.com/users/KRT-DEMO/gists{/gist_id}",
    "starred_url": "https://api.github.com/users/KRT-DEMO/starred{/owner}{/repo}",
    "subscriptions_url": "https://api.github.com/users/KRT-DEMO/subscriptions",
    "organizations_url": "https://api.github.com/users/KRT-DEMO/orgs",
    "repos_url": "https://api.github.com/users/KRT-DEMO/repos",
    "events_url": "https://api.github.com/users/KRT-DEMO/events{/privacy}",
    "received_events_url": "https://api.github.com/users/KRT-DEMO/received_events",
    "type": "User",
    "site_admin": false,
    "name": null,
    "company": null,
    "blog": "",
    "location": null,
    "email": null,
    "hireable": null,
    "bio": null,
    "twitter_username": null,
    "public_gists": 0,
    "followers": 1,
    "following": 0,
    "created_at": "2021-11-30T01:04:29Z",
    "private_gists": 0,
    "total_private_repos": 0,
    "owned_private_repos": 0,
    "collaborators": 0,
    "two_factor_authentication": false,
    "plan": {
        "name": "free",
        "space": 976562499,
        "collaborators": 0,
        "private_repos": 10000
    }
}
